
> sentri-ai-mini-frontend@0.1.0 build
> tsc && vite build

failed to load config from D:\Hilab\Project34\frontend\vite.config.ts
error during build:
Error: spawn EPERM
    at ChildProcess.spawn (node:internal/child_process:421:11)
    at Object.spawn (node:child_process:796:9)
    at ensureServiceIsRunning (D:\Hilab\Project34\frontend\node_modules\esbuild\lib\main.js:1975:29)
    at build (D:\Hilab\Project34\frontend\node_modules\esbuild\lib\main.js:1873:26)
    at bundleConfigFile (file:///D:/Hilab/Project34/frontend/node_modules/vite/dist/node/chunks/dep-BK3b2jBa.js:66845:24)
    at loadConfigFromFile (file:///D:/Hilab/Project34/frontend/node_modules/vite/dist/node/chunks/dep-BK3b2jBa.js:66815:27)
    at resolveConfig (file:///D:/Hilab/Project34/frontend/node_modules/vite/dist/node/chunks/dep-BK3b2jBa.js:66416:30)
    at build (file:///D:/Hilab/Project34/frontend/node_modules/vite/dist/node/chunks/dep-BK3b2jBa.js:65503:24)
    at CAC.<anonymous> (file:///D:/Hilab/Project34/frontend/node_modules/vite/dist/node/cli.js:829:11)
